Resolving dependencies...
Downloading packages...
  _flutterfire_internals 1.3.35 (1.3.68 available)
  app_badge_plus 1.2.6 (1.2.7 available)
  app_links 6.4.1 (7.0.0 available)
  archive 4.0.7 (4.0.9 available)
  async 2.11.0 (2.13.1 available)
  boolean_selector 2.1.1 (2.1.2 available)
  characters 1.4.0 (1.4.1 available)
  cupertino_icons 1.0.8 (1.0.9 available)
  dio 5.9.1 (5.9.2 available)
  dio_web_adapter 2.1.1 (2.1.2 available)
  ffi 2.1.3 (2.2.0 available)
  firebase_core 2.32.0 (4.6.0 available)
  firebase_core_platform_interface 5.4.2 (6.0.3 available)
  firebase_core_web 2.24.0 (3.5.1 available)
  firebase_messaging 14.7.10 (16.1.3 available)
  firebase_messaging_platform_interface 4.5.37 (4.7.8 available)
  firebase_messaging_web 3.5.18 (4.1.4 available)
  flutter_lints 4.0.0 (6.0.0 available)
  flutter_local_notifications 20.0.0 (21.0.0 available)
  flutter_local_notifications_linux 7.0.0 (8.0.0 available)
  flutter_local_notifications_platform_interface 10.0.0 (11.0.0 available)
  flutter_local_notifications_windows 2.0.0 (3.0.0 available)
  flutter_plugin_android_lifecycle 2.0.33 (2.0.34 available)
  flutter_secure_storage 9.2.4 (10.0.0 available)
  flutter_secure_storage_linux 1.2.3 (3.0.0 available)
  flutter_secure_storage_macos 3.1.3 (4.0.0 available)
  flutter_secure_storage_platform_interface 1.1.2 (2.0.1 available)
  flutter_secure_storage_web 1.2.1 (2.1.0 available)
  flutter_secure_storage_windows 3.1.2 (4.1.0 available)
  flutter_svg 2.2.3 (2.2.4 available)
  http_parser 4.0.2 (4.1.2 available)
  image 4.7.2 (4.8.0 available)
  image_picker_android 0.8.13+13 (0.8.13+15 available)
  js 0.6.7 (0.7.2 available)
  json_annotation 4.10.0 (4.11.0 available)
  lints 4.0.0 (6.1.0 available)
  lucide_icons_flutter 3.1.9 (3.1.11 available)
  matcher 0.12.17 (0.12.19 available)
  material_color_utilities 0.11.1 (0.13.0 available)
  meta 1.17.0 (1.18.2 available)
  package_info_plus 4.2.0 (9.0.1 available)
  package_info_plus_platform_interface 2.0.1 (3.2.1 available)
  path_provider_android 2.2.15 (2.2.23 available)
  path_provider_foundation 2.4.1 (2.6.0 available)
  petitparser 7.0.1 (7.0.2 available)
  posix 6.0.3 (6.5.0 available)
  share_plus 10.1.4 (12.0.2 available)
  share_plus_platform_interface 5.0.2 (6.1.0 available)
  shared_preferences 2.5.4 (2.5.5 available)
  shared_preferences_android 2.4.7 (2.4.23 available)
  shared_preferences_foundation 2.5.4 (2.5.6 available)
  shared_preferences_platform_interface 2.4.1 (2.4.2 available)
  source_span 1.10.0 (1.10.2 available)
  string_scanner 1.2.0 (1.4.1 available)
  term_glyph 1.2.1 (1.2.2 available)
  test_api 0.7.7 (0.7.11 available)
  timezone 0.10.1 (0.11.0 available)
  url_launcher 6.3.1 (6.3.2 available)
  url_launcher_android 6.3.14 (6.3.29 available)
  url_launcher_ios 6.3.3 (6.4.1 available)
  url_launcher_linux 3.2.1 (3.2.2 available)
  url_launcher_macos 3.2.2 (3.2.5 available)
  url_launcher_web 2.3.3 (2.4.2 available)
  url_launcher_windows 3.1.4 (3.1.5 available)
  vector_graphics 1.1.19 (1.1.21 available)
  vector_graphics_compiler 1.1.20 (1.2.0 available)
  vector_math 2.2.0 (2.3.0 available)
  vm_service 14.2.4 (15.0.2 available)
  win32 5.10.1 (6.0.0 available)
Got dependencies!
69 packages have newer versions incompatible with dependency constraints.
Try `flutter pub outdated` for more information.
Running Gradle task 'assembleDebug'...                          
flutter : lib/features/
matching_board/screens/
matching_board_screen.d
art:220:26: Error: Oper
ator '[]' cannot be cal
led on 'Map<String, dyn
amic>?' because it is p
otentially null.
위치 줄:1 문자:1
+ flutter build apk --d
ebug 2>&1 | Out-File -E
ncoding utf8 build_outp
ut ...
+ ~~~~~~~~~~~~~~~~~~~~~
~~~~~~~~~
    + CategoryInfo     
         : NotSpecified
:     (lib/features/ma.
..t    entially null.:S
trin    g) [], RemoteEx
cepti    on
    + FullyQualifiedErr
o    rId : NativeComman
dE    rror
 
 - 'Map' is from 'dart:
core'.
      final raw = profi
le['user'] is Map ? pro
file['user'] as Map : p
rofile;
                       
  ^
lib/features/matching_b
oard/screens/matching_b
oard_screen.dart:220:51
: Error: Operator '[]' 
cannot be called on 'Ma
p<String, dynamic>?' be
cause it is potentially
 null.
 - 'Map' is from 'dart:
core'.
      final raw = profi
le['user'] is Map ? pro
file['user'] as Map : p
rofile;
                       
                       
    ^
lib/features/matching_b
oard/screens/matching_b
oard_screen.dart:221:55
: Error: Operator '[]' 
cannot be called on 'Ma
p<dynamic, dynamic>?' b
ecause it is potentiall
y null.
 - 'Map' is from 'dart:
core'.
      _preferredGender 
= _normalizePreferredGe
nder(raw['gender']);
                       
                       
        ^
lib/features/matching_b
oard/screens/matching_b
oard_screen.dart:258:28
: Error: Operator '[]' 
cannot be called on 'Ma
p<String, dynamic>?' be
cause it is potentially
 null.
 - 'Map' is from 'dart:
core'.
        final raw = pro
file['user'] is Map ? p
rofile['user'] as Map :
 profile;
                       
    ^
lib/features/matching_b
oard/screens/matching_b
oard_screen.dart:258:53
: Error: Operator '[]' 
cannot be called on 'Ma
p<String, dynamic>?' be
cause it is potentially
 null.
 - 'Map' is from 'dart:
core'.
        final raw = pro
file['user'] is Map ? p
rofile['user'] as Map :
 profile;
                       
                       
      ^
lib/features/matching_b
oard/screens/matching_b
oard_screen.dart:259:22
: Error: Operator '[]' 
cannot be called on 'Ma
p<dynamic, dynamic>?' b
ecause it is potentiall
y null.
 - 'Map' is from 'dart:
core'.
        final g = raw['
gender']?.toString().tr
im().toLowerCase();
                     ^
lib/features/matching_b
oard/screens/matching_b
oard_screen.dart:298:28
: Error: Operator '[]' 
cannot be called on 'Ma
p<String, dynamic>?' be
cause it is potentially
 null.
 - 'Map' is from 'dart:
core'.
        final raw = pro
file['user'] is Map ? p
rofile['user'] as Map :
 profile;
                       
    ^
lib/features/matching_b
oard/screens/matching_b
oard_screen.dart:298:53
: Error: Operator '[]' 
cannot be called on 'Ma
p<String, dynamic>?' be
cause it is potentially
 null.
 - 'Map' is from 'dart:
core'.
        final raw = pro
file['user'] is Map ? p
rofile['user'] as Map :
 profile;
                       
                       
      ^
lib/features/matching_b
oard/screens/matching_b
oard_screen.dart:299:22
: Error: Operator '[]' 
cannot be called on 'Ma
p<dynamic, dynamic>?' b
ecause it is potentiall
y null.
 - 'Map' is from 'dart:
core'.
        final g = raw['
gender']?.toString().tr
im().toLowerCase();
                     ^
lib/features/matching_b
oard/screens/matching_b
oard_screen.dart:334:28
: Error: Operator '[]' 
cannot be called on 'Ma
p<String, dynamic>?' be
cause it is potentially
 null.
 - 'Map' is from 'dart:
core'.
        final raw = pro
file['user'] is Map ? p
rofile['user'] as Map :
 profile;
                       
    ^
lib/features/matching_b
oard/screens/matching_b
oard_screen.dart:334:53
: Error: Operator '[]' 
cannot be called on 'Ma
p<String, dynamic>?' be
cause it is potentially
 null.
 - 'Map' is from 'dart:
core'.
        final raw = pro
file['user'] is Map ? p
rofile['user'] as Map :
 profile;
                       
                       
      ^
lib/features/matching_b
oard/screens/matching_b
oard_screen.dart:335:22
: Error: Operator '[]' 
cannot be called on 'Ma
p<dynamic, dynamic>?' b
ecause it is potentiall
y null.
 - 'Map' is from 'dart:
core'.
        final g = raw['
gender']?.toString().tr
im().toLowerCase();
                     ^
lib/features/matching_b
oard/screens/matching_b
oard_screen.dart:368:29
: Error: Operator '[]' 
cannot be called on 'Ma
p<String, dynamic>?' be
cause it is potentially
 null.
 - 'Map' is from 'dart:
core'.
      final user = myPr
ofile['user'] is Map ? 
myProfile['user'] as Ma
p<String, dynamic> : my
Profile;
                       
     ^
lib/features/matching_b
oard/screens/matching_b
oard_screen.dart:368:56
: Error: Operator '[]' 
cannot be called on 'Ma
p<String, dynamic>?' be
cause it is potentially
 null.
 - 'Map' is from 'dart:
core'.
      final user = myPr
ofile['user'] is Map ? 
myProfile['user'] as Ma
p<String, dynamic> : my
Profile;
                       
                       
         ^
lib/features/matching_b
oard/screens/matching_b
oard_screen.dart:369:29
: Error: Operator '[]' 
cannot be called on 'Ma
p<String, dynamic>?' be
cause it is potentially
 null.
 - 'Map' is from 'dart:
core'.
      final myGender = 
(user['gender'] ?? myPr
ofile['gender'])?.toStr
ing().trim().toLowerCas
e();
                       
     ^
lib/features/matching_b
oard/screens/matching_b
oard_screen.dart:369:52
: Error: Operator '[]' 
cannot be called on 'Ma
p<String, dynamic>?' be
cause it is potentially
 null.
 - 'Map' is from 'dart:
core'.
      final myGender = 
(user['gender'] ?? myPr
ofile['gender'])?.toStr
ing().trim().toLowerCas
e();
                       
                       
     ^
lib/features/matching_b
oard/screens/matching_b
oard_screen.dart:842:15
: Error: The argument t
ype 'Future<Map<String,
 dynamic>?>' can't be a
ssigned to the paramete
r type 'Future<Map<Stri
ng, dynamic>>?'.
 - 'Future' is from 'da
rt:async'.
 - 'Map' is from 'dart:
core'.
      future: _myProfil
eFuture,
              ^
Target kernel_snapshot_
program failed: Excepti
on


FAILURE: Build failed w
ith an exception.

* What went wrong:
Execution failed for ta
sk ':app:compileFlutter
BuildDebug'.
> Process 'command 'C:\
Users\whehd\Desktop\flu
tter_windows_3.38.9-sta
ble\flutter\bin\flutter
.bat'' finished with no
n-zero exit value 1

* Try:
> Run with --stacktrace
 option to get the stac
k trace.
> Run with --info or --
debug option to get mor
e log output.
> Run with --scan to ge
t full insights.
> Get more help at http
s://help.gradle.org.

BUILD FAILED in 9s
Running Gradle task 'assembleDebug'...                             10.1s
Gradle task assembleDeb
ug failed with exit cod
e 1
